[uiparadox.co.uk/templates/globe-trekk/v3/index.html]
[backblue.gif]
[fade.gif]
[index.html]
[uiparadox.co.uk/templates/globe-trekk/v3/assets/media/favicon.png]
[uiparadox.co.uk/templates/globe-trekk/v3/assets/css/vendor/bootstrap.min.css]
[uiparadox.co.uk/templates/globe-trekk/v3/assets/css/vendor/all.min.css]
[uiparadox.co.uk/templates/globe-trekk/v3/assets/css/vendor/slick.css]
[uiparadox.co.uk/templates/globe-trekk/v3/assets/css/vendor/ion.rangeSlider.css]
[uiparadox.co.uk/templates/globe-trekk/v3/assets/css/vendor/nice-select.css]
[uiparadox.co.uk/templates/globe-trekk/v3/assets/css/app.css]
[uiparadox.co.uk/templates/globe-trekk/v3/assets/media/icons/loader-plane.png]
[uiparadox.co.uk/templates/globe-trekk/v3/index-2.html]
[uiparadox.co.uk/templates/globe-trekk/v3/assets/media/logo.png]
[uiparadox.co.uk/templates/globe-trekk/v3/assets/media/logo-dark.png]
[uiparadox.co.uk/templates/globe-trekk/v3/about.html]
[uiparadox.co.uk/templates/globe-trekk/v3/tour-grid.html]
[uiparadox.co.uk/templates/globe-trekk/v3/tour-grid-left-sidebar.html]
[uiparadox.co.uk/templates/globe-trekk/v3/tour-grid-right-sidebar.html]
[uiparadox.co.uk/templates/globe-trekk/v3/tour-detail.html]
[uiparadox.co.uk/templates/globe-trekk/v3/tour-detail-sidebar.html]
[uiparadox.co.uk/templates/globe-trekk/v3/blog-grid.html]
[uiparadox.co.uk/templates/globe-trekk/v3/tour-booking.html]
[uiparadox.co.uk/templates/globe-trekk/v3/blog-grid-left-sidebar.html]
[uiparadox.co.uk/templates/globe-trekk/v3/blog-detail.html]
[uiparadox.co.uk/templates/globe-trekk/v3/blog-grid-right-sidebar.html]
[uiparadox.co.uk/templates/globe-trekk/v3/account.html]
[uiparadox.co.uk/templates/globe-trekk/v3/contact-us.html]
[uiparadox.co.uk/templates/globe-trekk/v3/assets/media/banner/mask-layer.png]
[uiparadox.co.uk/templates/globe-trekk/v3/assets/media/banner/tabmask.png]
[uiparadox.co.uk/templates/globe-trekk/v3/assets/media/banner/mobilemask.png]
[uiparadox.co.uk/templates/globe-trekk/v3/assets/media/about/about-img-1.png]
[uiparadox.co.uk/templates/globe-trekk/v3/assets/media/about/about-img-2.png]
[uiparadox.co.uk/templates/globe-trekk/v3/assets/media/about/about-img-3.png]
[uiparadox.co.uk/templates/globe-trekk/v3/assets/media/about/about-img-4.png]
[uiparadox.co.uk/templates/globe-trekk/v3/assets/media/tour/tour_1.png]
[uiparadox.co.uk/templates/globe-trekk/v3/assets/media/tour/tour_2.png]
[uiparadox.co.uk/templates/globe-trekk/v3/assets/media/tour/tour_3.png]
[uiparadox.co.uk/templates/globe-trekk/v3/assets/media/tour/tour_4.png]
[uiparadox.co.uk/templates/globe-trekk/v3/assets/media/tour/tour_destination_1.png]
[uiparadox.co.uk/templates/globe-trekk/v3/assets/media/tour/tour_destination_2.png]
[uiparadox.co.uk/templates/globe-trekk/v3/assets/media/tour/tour_destination_3.png]
[uiparadox.co.uk/templates/globe-trekk/v3/assets/media/banner/dicount-banner/main-object.png]
[uiparadox.co.uk/templates/globe-trekk/v3/assets/media/icons/comment.png]
[uiparadox.co.uk/templates/globe-trekk/v3/assets/media/users/user_1.png]
[uiparadox.co.uk/templates/globe-trekk/v3/assets/media/users/user_2.png]
[uiparadox.co.uk/templates/globe-trekk/v3/assets/media/users/user_3.png]
[uiparadox.co.uk/templates/globe-trekk/v3/assets/media/users/user_4.png]
[uiparadox.co.uk/templates/globe-trekk/v3/assets/media/blogs/blog_1.png]
[uiparadox.co.uk/templates/globe-trekk/v3/assets/media/users/author.png]
[uiparadox.co.uk/templates/globe-trekk/v3/assets/media/blogs/blog_2.png]
[uiparadox.co.uk/templates/globe-trekk/v3/assets/media/users/author-2.png]
[uiparadox.co.uk/templates/globe-trekk/v3/assets/media/blogs/blog_3.png]
[uiparadox.co.uk/templates/globe-trekk/v3/assets/media/blogs/blog_4.png]
[uiparadox.co.uk/templates/globe-trekk/v3/assets/media/gallery/gallery_1.png]
[uiparadox.co.uk/templates/globe-trekk/v3/assets/media/gallery/gallery_2.png]
[uiparadox.co.uk/templates/globe-trekk/v3/assets/media/gallery/gallery_3.png]
[uiparadox.co.uk/templates/globe-trekk/v3/assets/media/gallery/gallery_4.png]
[uiparadox.co.uk/templates/globe-trekk/v3/assets/media/gallery/gallery_5.png]
[uiparadox.co.uk/templates/globe-trekk/v3/assets/media/gallery/gallery_6.png]
[uiparadox.co.uk/templates/globe-trekk/v3/assets/media/icons/australia.png]
[uiparadox.co.uk/templates/globe-trekk/v3/assets/media/icons/tour-guide.png]
[uiparadox.co.uk/templates/globe-trekk/v3/assets/media/icons/bus.png]
[uiparadox.co.uk/templates/globe-trekk/v3/assets/media/icons/online-chat.png]
[uiparadox.co.uk/templates/globe-trekk/v3/assets/media/footer-logo.png]
[uiparadox.co.uk/templates/globe-trekk/v3/assets/media/icons/payment-1.png]
[uiparadox.co.uk/templates/globe-trekk/v3/assets/media/icons/payment-2.png]
[uiparadox.co.uk/templates/globe-trekk/v3/assets/media/icons/payment-3.png]
[uiparadox.co.uk/templates/globe-trekk/v3/assets/media/icons/payment-4.png]
[uiparadox.co.uk/templates/globe-trekk/v3/assets/media/icons/payment-5.png]
[uiparadox.co.uk/templates/globe-trekk/v3/assets/media/icons/Instagram.png]
[uiparadox.co.uk/templates/globe-trekk/v3/assets/media/icons/Twitter.png]
[uiparadox.co.uk/templates/globe-trekk/v3/assets/media/icons/Facebook.png]
[uiparadox.co.uk/templates/globe-trekk/v3/assets/media/icons/Linkedin.png]
[uiparadox.co.uk/templates/globe-trekk/v3/assets/js/vendor/jquery-3.6.3.min.js]
[uiparadox.co.uk/templates/globe-trekk/v3/assets/js/vendor/bootstrap.min.js]
[uiparadox.co.uk/templates/globe-trekk/v3/assets/js/vendor/gsap.min.js]
[uiparadox.co.uk/templates/globe-trekk/v3/assets/js/vendor/scrollTrigger.min.js]
[uiparadox.co.uk/templates/globe-trekk/v3/assets/js/vendor/ScrollToPlugin.min.js]
[uiparadox.co.uk/templates/globe-trekk/v3/assets/js/vendor/ScrollSmoother.min.js]
[uiparadox.co.uk/templates/globe-trekk/v3/assets/js/vendor/jquery-appear.js]
[uiparadox.co.uk/templates/globe-trekk/v3/assets/js/vendor/ion.rangeSlider.js]
[uiparadox.co.uk/templates/globe-trekk/v3/assets/js/vendor/jquery.nice-select.min.js]
[uiparadox.co.uk/templates/globe-trekk/v3/assets/js/vendor/slick.min.js]
[uiparadox.co.uk/templates/globe-trekk/v3/index.html]
[uiparadox.co.uk/templates/globe-trekk/v3/assets/js/app.js]
[uiparadox.co.uk/templates/globe-trekk/v3/assets/css/vendor/bootstrap.min.css]
[uiparadox.co.uk/templates/globe-trekk/v3/assets/css/webfonts/fa-brands-400.woff2]
[uiparadox.co.uk/templates/globe-trekk/v3/assets/css/webfonts/fa-duotone-900.woff2]
[uiparadox.co.uk/templates/globe-trekk/v3/assets/css/webfonts/fa-brands-400.ttf]
[uiparadox.co.uk/templates/globe-trekk/v3/assets/css/webfonts/fa-light-300.woff2]
[uiparadox.co.uk/templates/globe-trekk/v3/assets/css/webfonts/fa-regular-400.woff2]
[uiparadox.co.uk/templates/globe-trekk/v3/assets/css/webfonts/fa-light-300.ttf]
[uiparadox.co.uk/templates/globe-trekk/v3/assets/css/webfonts/fa-duotone-900.ttf]
[uiparadox.co.uk/templates/globe-trekk/v3/assets/css/webfonts/fa-solid-900.woff2]
[uiparadox.co.uk/templates/globe-trekk/v3/assets/css/webfonts/fa-solid-900.ttf]
[uiparadox.co.uk/templates/globe-trekk/v3/assets/css/webfonts/fa-thin-100.woff2]
[uiparadox.co.uk/templates/globe-trekk/v3/assets/css/webfonts/fa-thin-100.ttf]
[uiparadox.co.uk/templates/globe-trekk/v3/assets/css/webfonts/fa-v4compatibility.woff2]
[uiparadox.co.uk/templates/globe-trekk/v3/assets/css/webfonts/fa-v4compatibility.ttf]
[uiparadox.co.uk/templates/globe-trekk/v3/assets/css/vendor/all.min.css]
[uiparadox.co.uk/templates/globe-trekk/v3/assets/css/vendor/ion.rangeSlider.css]
[uiparadox.co.uk/templates/globe-trekk/v3/assets/css/vendor/slick.css]
[uiparadox.co.uk/templates/globe-trekk/v3/assets/css/vendor/nice-select.css]
[uiparadox.co.uk/templates/globe-trekk/v3/assets/media/bg/body-bg.png]
[uiparadox.co.uk/templates/globe-trekk/v3/assets/media/svg-bg.png]
[uiparadox.co.uk/templates/globe-trekk/v3/assets/css/webfonts/fa-regular-400.ttf]
[uiparadox.co.uk/templates/globe-trekk/v3/assets/media/close.png]
[uiparadox.co.uk/templates/globe-trekk/v3/assets/media/icons/earth.png]
[uiparadox.co.uk/templates/globe-trekk/v3/assets/media/banner/hero-1-main-bg-1.png]
[uiparadox.co.uk/templates/globe-trekk/v3/assets/media/banner/banner-tab-bg.png]
[uiparadox.co.uk/templates/globe-trekk/v3/assets/media/banner/banner-mobile-bg.png]
[uiparadox.co.uk/templates/globe-trekk/v3/assets/media/bg/discount-banner.png]
[uiparadox.co.uk/templates/globe-trekk/v3/assets/media/bg/page-header-bg.png]
[uiparadox.co.uk/templates/globe-trekk/v3/assets/css/app.css]
[uiparadox.co.uk/templates/globe-trekk/v3/index-2.html]
[uiparadox.co.uk/templates/globe-trekk/v3/assets/media/inner-banner-video.mp4]
[uiparadox.co.uk/templates/globe-trekk/v3/about.html]
[uiparadox.co.uk/templates/globe-trekk/v3/tour-grid.html]
[uiparadox.co.uk/templates/globe-trekk/v3/tour-grid-left-sidebar.html]
[uiparadox.co.uk/templates/globe-trekk/v3/tour-grid-right-sidebar.html]
[uiparadox.co.uk/templates/globe-trekk/v3/assets/js/vendor/video.js]
[uiparadox.co.uk/templates/globe-trekk/v3/assets/media/tour/tour-detail-2.png]
[uiparadox.co.uk/templates/globe-trekk/v3/tour-detail.html]
[uiparadox.co.uk/templates/globe-trekk/v3/assets/media/tour/tour-detail.png]
[uiparadox.co.uk/templates/globe-trekk/v3/tour-detail-sidebar.html]
[uiparadox.co.uk/templates/globe-trekk/v3/assets/js/vendor/jquery-validator.js]
[uiparadox.co.uk/templates/globe-trekk/v3/tour-booking.html]
[uiparadox.co.uk/templates/globe-trekk/v3/blog-grid.html]
[uiparadox.co.uk/templates/globe-trekk/v3/assets/media/blogs/blog-list-sm1.png]
[uiparadox.co.uk/templates/globe-trekk/v3/assets/media/blogs/blog-list-sm2.png]
[uiparadox.co.uk/templates/globe-trekk/v3/assets/media/blogs/blog-list-sm3.png]
[uiparadox.co.uk/templates/globe-trekk/v3/blog-grid-left-sidebar.html]
[uiparadox.co.uk/templates/globe-trekk/v3/blog-grid-right-sidebar.html]
[uiparadox.co.uk/templates/globe-trekk/v3/assets/media/icons/quote-1.png]
[uiparadox.co.uk/templates/globe-trekk/v3/assets/media/icons/quote-2.png]
[uiparadox.co.uk/templates/globe-trekk/v3/assets/media/blogs/blog-detail.png]
[uiparadox.co.uk/templates/globe-trekk/v3/blog-detail.html]
[uiparadox.co.uk/templates/globe-trekk/v3/account.html]
[uiparadox.co.uk/templates/globe-trekk/v3/contact-us.html]
[uiparadox.co.uk/templates/globe-trekk/v3/assets/js/vendor/jquery-3.6.3.min.js]
[uiparadox.co.uk/templates/globe-trekk/v3/assets/js/vendor/bootstrap.min.js]
[uiparadox.co.uk/templates/globe-trekk/v3/assets/js/vendor/gsap.min.js]
[uiparadox.co.uk/templates/globe-trekk/v3/assets/js/vendor/scrollTrigger.min.js]
[uiparadox.co.uk/templates/globe-trekk/v3/assets/js/vendor/ScrollToPlugin.min.js]
[uiparadox.co.uk/templates/globe-trekk/v3/assets/js/vendor/ScrollSmoother.min.js]
[uiparadox.co.uk/templates/globe-trekk/v3/assets/js/vendor/jquery-appear.js]
[uiparadox.co.uk/templates/globe-trekk/v3/assets/js/vendor/ion.rangeSlider.js]
[uiparadox.co.uk/templates/globe-trekk/v3/assets/js/vendor/jquery.nice-select.min.js]
[uiparadox.co.uk/templates/globe-trekk/v3/assets/js/vendor/slick.min.js]
[uiparadox.co.uk/templates/globe-trekk/v3/assets/js/app.js]
[uiparadox.co.uk/templates/globe-trekk/v3/baseUrl, window_1.location __ DEFAULT_LOCATION]
[uiparadox.co.uk/templates/globe-trekk/v3/relativeUrl, baseUrl]
[uiparadox.co.uk/templates/globe-trekk/v3/assets/js/vendor/video.js]
[uiparadox.co.uk/templates/globe-trekk/v3/assets/js/vendor/jquery-validator.js]
[uiparadox.co.uk/templates/globe-trekk/v3/baseUrl, window_1.html]
[uiparadox.co.uk/templates/globe-trekk/v3/relativeUrl, baseUrl.html]
